[艺术学概论] 开始渲染 -> C:\Users\silen\WorkBuddy\2026-09-14-14-46-05\每日名词解释\book_images\艺术学概论
[艺术学概论] 20/460 (4%)
[艺术学概论] 40/460 (9%)
[艺术学概论] 60/460 (13%)
[艺术学概论] 80/460 (17%)
[艺术学概论] 100/460 (22%)
[艺术学概论] 120/460 (26%)
[艺术学概论] 140/460 (30%)
[艺术学概论] 160/460 (35%)
[艺术学概论] 180/460 (39%)
[艺术学概论] 200/460 (43%)
[艺术学概论] 220/460 (48%)
[艺术学概论] 240/460 (52%)
[艺术学概论] 260/460 (57%)
[艺术学概论] 280/460 (61%)
[艺术学概论] 300/460 (65%)
[艺术学概论] 320/460 (70%)
[艺术学概论] 340/460 (74%)
[艺术学概论] 360/460 (78%)
[艺术学概论] 380/460 (83%)
[艺术学概论] 400/460 (87%)
[艺术学概论] 420/460 (91%)
[艺术学概论] 440/460 (96%)
[艺术学概论] 460/460 (100%)
[艺术学概论] 完成：460 页，耗时 141.29s，共 187.7 MB
[中国电影史] 开始渲染 -> C:\Users\silen\WorkBuddy\2026-09-14-14-46-05\每日名词解释\book_images\中国电影史
[中国电影史] 20/232 (9%)
[中国电影史] 40/232 (17%)
[中国电影史] 60/232 (26%)
[中国电影史] 80/232 (34%)
[中国电影史] 100/232 (43%)
[中国电影史] 120/232 (52%)
[中国电影史] 140/232 (60%)
[中国电影史] 160/232 (69%)
[中国电影史] 180/232 (78%)
[中国电影史] 200/232 (86%)
[中国电影史] 220/232 (95%)
[中国电影史] 完成：232 页，耗时 45.05s，共 55.4 MB
[外国电影史] 开始渲染 -> C:\Users\silen\WorkBuddy\2026-09-14-14-46-05\每日名词解释\book_images\外国电影史
[外国电影史] 20/223 (9%)
[外国电影史] 40/223 (18%)
[外国电影史] 60/223 (27%)
[外国电影史] 80/223 (36%)
[外国电影史] 100/223 (45%)
[外国电影史] 120/223 (54%)
[外国电影史] 140/223 (63%)
[外国电影史] 160/223 (72%)
[外国电影史] 180/223 (81%)
[外国电影史] 200/223 (90%)
[外国电影史] 220/223 (99%)
[外国电影史] 完成：223 页，耗时 40.38s，共 54.7 MB

全部渲染完成。汇总: C:\Users\silen\WorkBuddy\2026-09-14-14-46-05\每日名词解释\book_images\summary.json
